// Jest Snapshot v1, https://goo.gl/fbAQLP

exports[`Group should mount 1`] = `
<styled.nav
  role="Primary navigation"
>
  <Component>
    <Group
      title="A"
    >
      <Item>
        A.1
      </Item>
    </Group>
    <Item>
      B
    </Item>
    <Item>
      C
    </Item>
  </Component>
</styled.nav>
`;
