// Jest Snapshot v1, https://goo.gl/fbAQLP

exports[`Logo with no color, width, height and className should render "shade.1000" styles when no color is given 1`] = `
.c0 {
  width: 160px;
  height: 100px;
  vertical-align: middle;
  display: inline-block;
}

.c0 > svg {
  fill: rgba(2,18,21,1);
  width: inherit;
  height: inherit;
}

<WithTheme(Logo)>
  <Logo
    theme={
      Object {
        "borderRadius": "6px",
        "colors": Object {
          "error.100": "#ffd1da",
          "error.200": "#ffa4b6",
          "error.25": "#fff3f5",
          "error.300": "#ff7692",
          "error.400": "#ff496e",
          "error.50": "#ffe8ec",
          "error.500": "#ff1c4a",
          "error.600": "#cc163b",
          "error.700": "#99102c",
          "error.800": "#660b1d",
          "error.900": "#33050e",
          "error.950": "#190207",
          "info.100": "#dae7f7",
          "info.200": "#b5d0ef",
          "info.25": "#f5f9fd",
          "info.300": "#91b9e8",
          "info.400": "#6ca2e0",
          "info.50": "#ecf3fb",
          "info.500": "#488bd9",
          "info.600": "#396fad",
          "info.700": "#2b5382",
          "info.800": "#1c3756",
          "info.900": "#0e1b2b",
          "info.950": "#070d15",
          "primary.100": "#ccf2ed",
          "primary.200": "#99e5db",
          "primary.25": "#f2fbfa",
          "primary.300": "#66d9c9",
          "primary.400": "#32ccb7",
          "primary.50": "#e5f8f6",
          "primary.500": "#00c0a5",
          "primary.600": "#009984",
          "primary.700": "#007363",
          "primary.800": "#004c42",
          "primary.900": "#002621",
          "primary.950": "#001310",
          "secondary.100": "#cedee1",
          "secondary.200": "#9ebdc4",
          "secondary.25": "#f2f6f7",
          "secondary.300": "#6d9ca7",
          "secondary.400": "#3d7a8a",
          "secondary.50": "#e6eef0",
          "secondary.500": "#0d5a6d",
          "secondary.600": "#0a4857",
          "secondary.700": "#073641",
          "secondary.800": "#05242b",
          "secondary.900": "#021215",
          "secondary.950": "#01080a",
          "shade.0": "#ffffff",
          "shade.100": "#e3e3e3",
          "shade.1000": "#000000",
          "shade.200": "#c8c8c8",
          "shade.25": "#f8f8f8",
          "shade.300": "#adadad",
          "shade.400": "#929292",
          "shade.50": "#f1f1f1",
          "shade.500": "#777777",
          "shade.600": "#5f5f5f",
          "shade.700": "#474747",
          "shade.800": "#2f2f2f",
          "shade.900": "#171717",
          "shade.950": "#0b0b0b",
          "success.100": "#dbf2cc",
          "success.200": "#b8e599",
          "success.25": "#f6fbf2",
          "success.300": "#94d966",
          "success.400": "#71cc32",
          "success.50": "#edf8e5",
          "success.500": "#4ec000",
          "success.600": "#3e9900",
          "success.700": "#2e7300",
          "success.800": "#1f4c00",
          "success.900": "#0f2600",
          "success.950": "#071300",
          "tertiary.100": "#ffe2df",
          "tertiary.200": "#ffc5c0",
          "tertiary.25": "#fff7f7",
          "tertiary.300": "#ffa9a1",
          "tertiary.400": "#ff8c82",
          "tertiary.50": "#fff0ef",
          "tertiary.500": "#ff7063",
          "tertiary.600": "#cc594f",
          "tertiary.700": "#99433b",
          "tertiary.800": "#662c27",
          "tertiary.900": "#331613",
          "tertiary.950": "#190b09",
          "warn.100": "#fcddcc",
          "warn.200": "#f9bc99",
          "warn.25": "#fef6f2",
          "warn.300": "#f69a66",
          "warn.400": "#f37932",
          "warn.50": "#fdeee5",
          "warn.500": "#f05800",
          "warn.600": "#c04600",
          "warn.700": "#903400",
          "warn.800": "#602300",
          "warn.900": "#301100",
          "warn.950": "#170800",
        },
        "logo": Object {
          "logoName": "LendiLogo",
        },
        "typography": Object {
          "body": Object {
            "fontFamily": "'Open Sans', sans-serif",
          },
          "heading": Object {
            "fontFamily": "'Cabin', sans-serif",
          },
        },
      }
    }
  >
    <LendiLogo
      color="secondary.900"
      height="100px"
      width="160px"
    >
      <styled.span
        color="secondary.900"
        height="100px"
        width="160px"
      >
        <StyledComponent
          color="secondary.900"
          forwardedComponent={
            Object {
              "$$typeof": Symbol(react.forward_ref),
              "attrs": Array [],
              "componentStyle": ComponentStyle {
                "componentId": "sc-bwzfXH",
                "isStatic": false,
                "lastClassName": "c0",
                "rules": Array [
                  "
  width: ",
                  [Function],
                  ";
  height: ",
                  [Function],
                  ";
  vertical-align: middle;
  display: inline-block;

  & > svg {
    fill: ",
                  [Function],
                  ";
    width: inherit;
    height: inherit;
  }
",
                ],
              },
              "displayName": "styled.span",
              "foldedComponentIds": Array [],
              "render": [Function],
              "styledComponentId": "sc-bwzfXH",
              "target": "span",
              "toString": [Function],
              "warnTooManyClasses": [Function],
              "withComponent": [Function],
            }
          }
          forwardedRef={null}
          height="100px"
          width="160px"
        >
          <span
            className="c0"
            color="secondary.900"
            height="100px"
            width="160px"
          >
            <svg
              fill="currentColor"
              height="1em"
              viewBox="0 0 1915.11 609.271"
              width="1em"
            >
              <path
                d="M1830.4 186.955h43.565a41.306 41.306 0 0141.145 41.134v25.421h-84.71v-66.555z"
                fill="#00c0a5"
              />
              <path
                d="M693.642 186.955H737.2a40.708 40.708 0 0129.047 11.5 37.7 37.7 0 0112.1 28.429v376.341h-84.7v-416.27zM902.5 409.608h123.43q-2.442-32.675-16.943-48.4-15.74-16.935-44.772-16.938-26.628 0-43.565 16.938-16.959 16.959-18.15 48.4zm145.213 94.383h60.5q-13.321 50.838-50.824 77.445-37.521 27.849-94.389 27.835-68.978 0-107.694-44.778-38.746-43.553-38.726-124.637 0-77.415 37.513-121 38.719-44.757 107.7-44.777 72.606 0 112.539 43.57 38.71 44.784 38.72 124.637v13.311c0 4.048-.416 6.861-1.207 8.472H902.5q1.2 37.516 18.15 55.663 15.714 19.377 47.192 19.363 20.573 0 35.1-8.472a16.9 16.9 0 006.653-4.233c2-2 4.233-4.238 6.652-6.658q1.2-3.63 9.078-9.678 7.857-6.047 22.389-6.058zM1438.091 603.225h-42.358q-18.147 0-29.647-11.5t-11.5-29.648V397.5q0-29.036-17.544-42.352a63.522 63.522 0 00-39.326-13.311 61.025 61.025 0 00-38.726 13.311q-16.959 13.33-16.937 42.352v205.725h-84.703V414.447q0-82.274 42.959-110.119 42.93-27.823 94.989-30.254a182.223 182.223 0 0198.016 27.834q44.757 27.856 44.777 112.539v188.778zM1557.406 439.856q0 48.422 18.15 73.819 18.156 25.415 52.037 25.415 32.665 0 50.824-25.415 16.926-25.405 16.937-73.819 0-43.554-18.15-68.974-19.368-24.185-52.031-24.2-31.486 0-49.617 25.42-18.147 24.217-18.15 67.754zm137.948-254.119h41.146q16.934 0 29.041 12.716 12.084 12.69 12.1 28.429v235.969q0 85.938-49.617 116.172a203.093 203.093 0 01-107.694 30.248 190.719 190.719 0 01-61.715-10.291q-30.265-10.265-48.4-33.268-35.116-44.749-35.094-122.224 0-76.234 35.094-122.211 36.3-47.2 93.176-47.2 30.231 0 53.243 12.1a115.061 115.061 0 0138.72 37.513V185.737zM1830.4 281.338h43.565a41.317 41.317 0 0141.145 41.146v280.741h-84.71V281.338z"
              />
              <path
                d="M513.617 502.385H363.694V346.877H256.8v155.508H106.886v-250.65l207.028-134.282 199.7 133.772v251.16zm83.189-324.092L344.129 9.041a53.445 53.445 0 00-58.829-.433L24.359 177.86A53.443 53.443 0 000 222.7v333.125a53.443 53.443 0 0053.44 53.446h513.622a53.444 53.444 0 0053.446-53.446V222.7a53.437 53.437 0 00-23.7-44.407z"
                fill="#00c0a5"
              />
            </svg>
          </span>
        </StyledComponent>
      </styled.span>
    </LendiLogo>
  </Logo>
</WithTheme(Logo)>
`;
