// Jest Snapshot v1, https://goo.gl/fbAQLP

exports[`Footer should mount Footer component 1`] = `<WithTheme(Footer) />`;
