// Jest Snapshot v1, https://goo.gl/fbAQLP

exports[`Legal should mount 1`] = `
.c2 {
  margin-top: 0;
  margin-bottom: 0;
  color: rgba(255,255,255,1);
  font-size: calc(1.75 * var(--lendi-ui-size));
  font-weight: 400;
  line-height: calc(32 / 28);
  font-family: 'Cabin',sans-serif;
  margin-top: var(--lendi-ui-size);
}

.c0 {
  box-sizing: border-box;
  line-height: 1.333;
  white-space: normal;
  border-spacing: 2px;
  text-align: left;
  word-spacing: normal;
  -webkit-letter-spacing: normal;
  -moz-letter-spacing: normal;
  -ms-letter-spacing: normal;
  letter-spacing: normal;
  background-color: rgba(7,54,65,1);
}

.c1 {
  box-sizing: border-box;
  max-width: 75rem;
  width: 100%;
  margin-left: auto;
  margin-right: auto;
  height: 100%;
  padding: calc(1.5 * var(--lendi-ui-size));
}

.c3 {
  color: rgba(200,200,200,1);
  font-size: calc(0.75 * var(--lendi-ui-size));
  line-height: calc(16 / 12);
  font-family: 'Open Sans',sans-serif;
  margin-top: calc(1.5 * var(--lendi-ui-size));
}

<Legal>
  <styled.div>
    <StyledComponent
      forwardedComponent={
        Object {
          "$$typeof": Symbol(react.forward_ref),
          "attrs": Array [],
          "componentStyle": ComponentStyle {
            "componentId": "sc-htoDjs",
            "isStatic": false,
            "lastClassName": "c0",
            "rules": Array [
              "
  ",
              "
  box-sizing: border-box;
  line-height: 1.333;
  white-space: normal;
  border-spacing: 2px;
  text-align: left;
  word-spacing: normal;
  letter-spacing: normal;
",
              ";
  ",
              "
          background-color: ",
              [Function],
              ";
        ",
              ";
",
            ],
          },
          "displayName": "styled.div",
          "foldedComponentIds": Array [],
          "render": [Function],
          "styledComponentId": "sc-htoDjs",
          "target": "div",
          "toString": [Function],
          "usesTheme": false,
          "warnTooManyClasses": [Function],
          "withComponent": [Function],
        }
      }
      forwardedRef={null}
    >
      <div
        className="c0"
      >
        <styled.div>
          <StyledComponent
            forwardedComponent={
              Object {
                "$$typeof": Symbol(react.forward_ref),
                "attrs": Array [],
                "componentStyle": ComponentStyle {
                  "componentId": "sc-dnqmqq",
                  "isStatic": false,
                  "lastClassName": "c1",
                  "rules": Array [
                    "
  ",
                    "
  box-sizing: border-box;
  max-width: 75rem;
  width: 100%;
  ",
                    "
    margin-left: ",
                    "auto",
                    ";
    margin-right: ",
                    "auto",
                    ";
  ",
                    ";
",
                    " height: 100%;
  ",
                    "
    padding: ",
                    "calc(1.5 * var(--lendi-ui-size))",
                    ";
  ",
                    ";
",
                  ],
                },
                "displayName": "styled.div",
                "foldedComponentIds": Array [],
                "render": [Function],
                "styledComponentId": "sc-dnqmqq",
                "target": "div",
                "toString": [Function],
                "usesTheme": false,
                "warnTooManyClasses": [Function],
                "withComponent": [Function],
              }
            }
            forwardedRef={null}
          >
            <div
              className="c1"
            >
              <Styled(HeadingTag)
                color="shade.0"
                mt="sm"
                size="md"
              >
                <StyledComponent
                  color="shade.0"
                  forwardedComponent={
                    Object {
                      "$$typeof": Symbol(react.forward_ref),
                      "attrs": Array [],
                      "componentStyle": ComponentStyle {
                        "componentId": "sc-bxivhb",
                        "isStatic": false,
                        "lastClassName": "c2",
                        "rules": Array [
                          "
  ",
                          "
    margin-top: ",
                          "0",
                          ";
    margin-bottom: ",
                          "0",
                          ";
  ",
                          "
  ",
                          [Function],
                          "
  ",
                          "
  ",
                          [Function],
                          "
  ",
                          [Function],
                          "
  ",
                          [Function],
                          "
  ",
                          [Function],
                          "
  ",
                          [Function],
                          "
  ",
                          [Function],
                          "
  ",
                          [Function],
                          "
",
                          ";
",
                        ],
                      },
                      "displayName": "Styled(HeadingTag)",
                      "foldedComponentIds": Array [],
                      "render": [Function],
                      "styledComponentId": "sc-bxivhb",
                      "target": [Function],
                      "toString": [Function],
                      "usesTheme": false,
                      "warnTooManyClasses": [Function],
                      "withComponent": [Function],
                      Symbol(Symbol.hasInstance): [Function],
                    }
                  }
                  forwardedRef={null}
                  mt="sm"
                  size="md"
                >
                  <HeadingTag
                    className="c2"
                    color="shade.0"
                    mt="sm"
                    size="md"
                  >
                    <h3
                      className="c2"
                      color="shade.0"
                      mt="sm"
                      size="md"
                    >
                      Important legal stuff
                    </h3>
                  </HeadingTag>
                </StyledComponent>
              </Styled(HeadingTag)>
              <styled.div>
                <StyledComponent
                  forwardedComponent={
                    Object {
                      "$$typeof": Symbol(react.forward_ref),
                      "attrs": Array [],
                      "componentStyle": ComponentStyle {
                        "componentId": "sc-iwsKbI",
                        "isStatic": false,
                        "lastClassName": "c3",
                        "rules": Array [
                          "
  ",
                          "
    ",
                          "
          color: ",
                          [Function],
                          ";
        ",
                          "
    ",
                          "
    ",
                          "
        font-size: calc(0.75 * var(--lendi-ui-size));
        line-height: calc(16 / 12);
      ",
                          "
    font-family: ",
                          [Function],
                          ";
  ",
                          " ",
                          "
    margin-top: ",
                          "calc(1.5 * var(--lendi-ui-size))",
                          ";
  ",
                          ";
",
                        ],
                      },
                      "displayName": "styled.div",
                      "foldedComponentIds": Array [],
                      "render": [Function],
                      "styledComponentId": "sc-iwsKbI",
                      "target": "div",
                      "toString": [Function],
                      "usesTheme": false,
                      "warnTooManyClasses": [Function],
                      "withComponent": [Function],
                    }
                  }
                  forwardedRef={null}
                >
                  <div
                    className="c3"
                  >
                    Lendi is the trading name of Lendi Pty Ltd (ACN 611 161 856, Credit Representative 518849), a related body corporate of Auscred Services Pty Ltd (ACN 164 638 171, Australian Credit Licence 442372). We will never sell your email address to any third party or send you nasty spam, promise.
                  </div>
                </StyledComponent>
              </styled.div>
              <styled.div>
                <StyledComponent
                  forwardedComponent={
                    Object {
                      "$$typeof": Symbol(react.forward_ref),
                      "attrs": Array [],
                      "componentStyle": ComponentStyle {
                        "componentId": "sc-iwsKbI",
                        "isStatic": false,
                        "lastClassName": "c3",
                        "rules": Array [
                          "
  ",
                          "
    ",
                          "
          color: ",
                          [Function],
                          ";
        ",
                          "
    ",
                          "
    ",
                          "
        font-size: calc(0.75 * var(--lendi-ui-size));
        line-height: calc(16 / 12);
      ",
                          "
    font-family: ",
                          [Function],
                          ";
  ",
                          " ",
                          "
    margin-top: ",
                          "calc(1.5 * var(--lendi-ui-size))",
                          ";
  ",
                          ";
",
                        ],
                      },
                      "displayName": "styled.div",
                      "foldedComponentIds": Array [],
                      "render": [Function],
                      "styledComponentId": "sc-iwsKbI",
                      "target": "div",
                      "toString": [Function],
                      "usesTheme": false,
                      "warnTooManyClasses": [Function],
                      "withComponent": [Function],
                    }
                  }
                  forwardedRef={null}
                >
                  <div
                    className="c3"
                  >
                    Lendi is a privately owned and operated Aussie business. Our mission is to provide Aussies with the right experience when choosing a home loan from our panel of lenders including ClickLoans, a related body corporate of Auscred Services. Although Lendi compares over 1600 products from over 35 lenders, we don't cover the whole market or compare all features and there may be other features or options available to you. While Lendi is 40% owned by founders and employees, we have also been supported by some great minority shareholders including Bailador, Macquarie Bank Ltd and a number of Australian sophisticated investors. We have an independent and founder led board.
                  </div>
                </StyledComponent>
              </styled.div>
              <styled.div>
                <StyledComponent
                  forwardedComponent={
                    Object {
                      "$$typeof": Symbol(react.forward_ref),
                      "attrs": Array [],
                      "componentStyle": ComponentStyle {
                        "componentId": "sc-iwsKbI",
                        "isStatic": false,
                        "lastClassName": "c3",
                        "rules": Array [
                          "
  ",
                          "
    ",
                          "
          color: ",
                          [Function],
                          ";
        ",
                          "
    ",
                          "
    ",
                          "
        font-size: calc(0.75 * var(--lendi-ui-size));
        line-height: calc(16 / 12);
      ",
                          "
    font-family: ",
                          [Function],
                          ";
  ",
                          " ",
                          "
    margin-top: ",
                          "calc(1.5 * var(--lendi-ui-size))",
                          ";
  ",
                          ";
",
                        ],
                      },
                      "displayName": "styled.div",
                      "foldedComponentIds": Array [],
                      "render": [Function],
                      "styledComponentId": "sc-iwsKbI",
                      "target": "div",
                      "toString": [Function],
                      "usesTheme": false,
                      "warnTooManyClasses": [Function],
                      "withComponent": [Function],
                    }
                  }
                  forwardedRef={null}
                >
                  <div
                    className="c3"
                  >
                    WARNING: This comparison rate is true only for the example given and may not include all fees and charges. Different terms, fees or other loan amounts might result in a different comparison rate. The comparison rates are based on a loan amount of $150,000 over a loan term of 25 years.
                  </div>
                </StyledComponent>
              </styled.div>
              <styled.div>
                <StyledComponent
                  forwardedComponent={
                    Object {
                      "$$typeof": Symbol(react.forward_ref),
                      "attrs": Array [],
                      "componentStyle": ComponentStyle {
                        "componentId": "sc-iwsKbI",
                        "isStatic": false,
                        "lastClassName": "c3",
                        "rules": Array [
                          "
  ",
                          "
    ",
                          "
          color: ",
                          [Function],
                          ";
        ",
                          "
    ",
                          "
    ",
                          "
        font-size: calc(0.75 * var(--lendi-ui-size));
        line-height: calc(16 / 12);
      ",
                          "
    font-family: ",
                          [Function],
                          ";
  ",
                          " ",
                          "
    margin-top: ",
                          "calc(1.5 * var(--lendi-ui-size))",
                          ";
  ",
                          ";
",
                        ],
                      },
                      "displayName": "styled.div",
                      "foldedComponentIds": Array [],
                      "render": [Function],
                      "styledComponentId": "sc-iwsKbI",
                      "target": "div",
                      "toString": [Function],
                      "usesTheme": false,
                      "warnTooManyClasses": [Function],
                      "withComponent": [Function],
                    }
                  }
                  forwardedRef={null}
                >
                  <div
                    className="c3"
                  >
                    EXAMPLE: This example is current as at 20th October 2016. A Click Loans Online Principal and Interest Loan of $150,000 over 25 years has monthly repayments of $767. This is calculated based on the interest rate of 3.69%, comparison rate of 3.69%, upfront fees of $0 and annual fees of $0.
                  </div>
                </StyledComponent>
              </styled.div>
              <styled.div>
                <StyledComponent
                  forwardedComponent={
                    Object {
                      "$$typeof": Symbol(react.forward_ref),
                      "attrs": Array [],
                      "componentStyle": ComponentStyle {
                        "componentId": "sc-iwsKbI",
                        "isStatic": false,
                        "lastClassName": "c3",
                        "rules": Array [
                          "
  ",
                          "
    ",
                          "
          color: ",
                          [Function],
                          ";
        ",
                          "
    ",
                          "
    ",
                          "
        font-size: calc(0.75 * var(--lendi-ui-size));
        line-height: calc(16 / 12);
      ",
                          "
    font-family: ",
                          [Function],
                          ";
  ",
                          " ",
                          "
    margin-top: ",
                          "calc(1.5 * var(--lendi-ui-size))",
                          ";
  ",
                          ";
",
                        ],
                      },
                      "displayName": "styled.div",
                      "foldedComponentIds": Array [],
                      "render": [Function],
                      "styledComponentId": "sc-iwsKbI",
                      "target": "div",
                      "toString": [Function],
                      "usesTheme": false,
                      "warnTooManyClasses": [Function],
                      "withComponent": [Function],
                    }
                  }
                  forwardedRef={null}
                >
                  <div
                    className="c3"
                  >
                    IMPORTANT INFORMATION: Loan terms of between 1 Year and 40 Years are available subject to lender and credit criteria. Maximum comparison rate will not exceed 14.99% (see comparison rate warning above). Any calculations or estimated savings do not constitute an offer of credit or a credit quote and are only an estimate of what you may be able to achieve based on the accuracy of the information provided. It doesn't take into account any product features or any applicable fees. Our lending criteria and the basis upon which we assess what you can afford may change at any time without notice. Savings shown are based on user inputted data and a loan term of 30 years. All applications for credit are subject to lender credit approval criteria.
                  </div>
                </StyledComponent>
              </styled.div>
              <styled.div>
                <StyledComponent
                  forwardedComponent={
                    Object {
                      "$$typeof": Symbol(react.forward_ref),
                      "attrs": Array [],
                      "componentStyle": ComponentStyle {
                        "componentId": "sc-iwsKbI",
                        "isStatic": false,
                        "lastClassName": "c3",
                        "rules": Array [
                          "
  ",
                          "
    ",
                          "
          color: ",
                          [Function],
                          ";
        ",
                          "
    ",
                          "
    ",
                          "
        font-size: calc(0.75 * var(--lendi-ui-size));
        line-height: calc(16 / 12);
      ",
                          "
    font-family: ",
                          [Function],
                          ";
  ",
                          " ",
                          "
    margin-top: ",
                          "calc(1.5 * var(--lendi-ui-size))",
                          ";
  ",
                          ";
",
                        ],
                      },
                      "displayName": "styled.div",
                      "foldedComponentIds": Array [],
                      "render": [Function],
                      "styledComponentId": "sc-iwsKbI",
                      "target": "div",
                      "toString": [Function],
                      "usesTheme": false,
                      "warnTooManyClasses": [Function],
                      "withComponent": [Function],
                    }
                  }
                  forwardedRef={null}
                >
                  <div
                    className="c3"
                  >
                    Made with love at Circular Quay in Sydney, Australia. © 
                    <span
                      className="curYear"
                    >
                      2019
                    </span>
                    . All rights reserved.
                  </div>
                </StyledComponent>
              </styled.div>
            </div>
          </StyledComponent>
        </styled.div>
        <meta
          content="telephone=no"
          name="format-detection"
        />
      </div>
    </StyledComponent>
  </styled.div>
</Legal>
`;
