// Jest Snapshot v1, https://goo.gl/fbAQLP

exports[`Field it should render wrapper component 1`] = `
.c5 {
  margin-top: 0;
  margin-bottom: 0;
  color: #929292;
  font-size: calc(0.875 * var(--lendi-ui-size));
  line-height: calc(20 / 14);
  font-family: 'Open Sans',sans-serif;
}

.c3 {
  margin-top: 0;
  margin-bottom: 0;
  font-size: calc(1.375 * var(--lendi-ui-size));
  font-weight: 500;
  line-height: calc(28 / 22);
  font-family: 'Cabin',sans-serif;
}

.c2 {
  font-size: var(--lendi-ui-size);
  margin-right: calc(0.5 * var(--lendi-ui-size));
  display: inline-block;
}

.c4 {
  font-size: calc(0.75 * var(--lendi-ui-size));
}

.c0 {
  box-sizing: border-box;
  line-height: 1.333;
  white-space: normal;
  border-spacing: 2px;
  text-align: left;
  word-spacing: normal;
  -webkit-letter-spacing: normal;
  -moz-letter-spacing: normal;
  -ms-letter-spacing: normal;
  letter-spacing: normal;
  display: -webkit-box;
  display: -webkit-flex;
  display: -ms-flexbox;
  display: flex;
  -webkit-flex-direction: column;
  -ms-flex-direction: column;
  flex-direction: column;
  width: 100%;
  height: 100%;
}

.c1 {
  width: 100%;
  display: -webkit-box;
  display: -webkit-flex;
  display: -ms-flexbox;
  display: flex;
  -webkit-flex-direction: row;
  -ms-flex-direction: row;
  flex-direction: row;
  -webkit-align-items: flex-start;
  -webkit-box-align: flex-start;
  -ms-flex-align: flex-start;
  align-items: flex-start;
  -webkit-box-pack: justify;
  -webkit-justify-content: space-between;
  -ms-flex-pack: justify;
  justify-content: space-between;
  margin-bottom: calc(0.25 * var(--lendi-ui-size));
}

<styled.div>
  <div
    className="c0"
  >
    <styled.label
      htmlFor={123456789}
    >
      <label
        className="c1"
        htmlFor={123456789}
      >
        <Label
          isOptional={false}
          label="First name"
          size="sm"
        >
          <div>
            <Styled(Styled(HeadingTag))
              size="sm"
            >
              <Styled(HeadingTag)
                className="c2"
                size="sm"
              >
                <HeadingTag
                  className="c2 c3"
                  size="sm"
                >
                  <h4
                    className="c2 c3"
                    size="sm"
                  >
                    First name
                  </h4>
                </HeadingTag>
              </Styled(HeadingTag)>
            </Styled(Styled(HeadingTag))>
            <Styled(styled.p)
              color="shade.400"
              size="sm"
            >
              <styled.p
                className="c4"
                color="shade.400"
                size="sm"
              >
                <p
                  className="c4 c5"
                  color="shade.400"
                  size="sm"
                />
              </styled.p>
            </Styled(styled.p)>
          </div>
        </Label>
      </label>
    </styled.label>
  </div>
</styled.div>
`;
